// Jest Snapshot v1, https://goo.gl/fbAQLP

exports[`matches snapshot 1`] = `
<DocumentFragment>
  <form
    class=""
  >
    <div
      class="form-group"
    >
      <label
        class=""
        for="username"
      >
        Username
      </label>
      <input
        class="form-control"
        id="username"
        name="username"
        placeholder="Enter your username"
        type="username"
        value=""
      />
    </div>
    <div
      class="form-group"
    >
      <label
        class=""
        for="=password"
      >
        Password
      </label>
      <input
        class="form-control"
        id="password"
        name="password"
        placeholder="Enter your password"
        type="password"
        value=""
      />
    </div>
    <button
      class="btn btn-secondary"
    >
      Login
    </button>
  </form>
</DocumentFragment>
`;
