// Jest Snapshot v1, https://goo.gl/fbAQLP

exports[`matches snapshot 1`] = `
<DocumentFragment>
  <div>
    <h2>
      Profile
    </h2>
    <form
      class=""
    >
      <div
        class="form-group"
      >
        <label
          class=""
          for="username"
        >
          Username
        </label>
        <p>
          testuser
        </p>
      </div>
      <div
        class="form-group"
      >
        <label
          class="label"
          for="firstName"
        >
          First Name
        </label>
        <input
          class="form-control"
          id="firstName"
          name="firstName"
          type="firstName"
          value=""
        />
      </div>
      <div
        class="form-group"
      >
        <label
          class="label"
          for="lastName"
        >
          Last Name
        </label>
        <input
          class="form-control"
          id="lastName"
          name="lastName"
          type="lastName"
          value=""
        />
      </div>
      <div
        class="form-group"
      >
        <label
          class="label"
          for="email"
        >
          Email
        </label>
        <input
          class="form-control"
          id="email"
          name="email"
          placeholder="test@test.com"
          type="email"
          value="test@test.com"
        />
      </div>
      <div
        class="form-group"
      >
        <label
          class="label"
          for="password"
        >
          Confirm password to make changes:
        </label>
        <input
          class="form-control"
          id="password"
          name="password"
          type="password"
          value=""
        />
      </div>
      <button
        class="profile-btn btn btn-secondary"
        type="button"
      >
        Save Changes
      </button>
    </form>
  </div>
</DocumentFragment>
`;
