// Jest Snapshot v1, https://goo.gl/fbAQLP

exports[`matches snapshot 1`] = `
<DocumentFragment>
  <form>
    <label
      for="search"
    />
    <div
      class="search-form input-group"
    >
      <input
        class="form-control"
        id="search"
        name="search"
        placeholder="Enter search term"
        type="text"
        value=""
      />
      <button
        class="btn btn-secondary"
      >
        Search
      </button>
    </div>
  </form>
</DocumentFragment>
`;
