// Jest Snapshot v1, https://goo.gl/fbAQLP

exports[`matches snapshot 1`] = `
<DocumentFragment>
  <form
    class=""
  >
    <div
      class="form-group"
    >
      <label
        class=""
        for="username"
      >
        Username
      </label>
      <input
        class="form-control"
        id="username"
        name="username"
        placeholder="Username"
        type="username"
        value=""
      />
    </div>
    <div
      class="form-group"
    >
      <label
        class=""
        for="=password"
      >
        Password
      </label>
      <input
        class="form-control"
        id="password"
        name="password"
        placeholder="Password"
        type="password"
        value=""
      />
    </div>
    <div
      class="form-group"
    >
      <label
        class=""
        for="=firstName"
      >
        First Name
      </label>
      <input
        class="form-control"
        id="firstName"
        name="firstName"
        placeholder="First name"
        type="text"
        value=""
      />
    </div>
    <div
      class="form-group"
    >
      <label
        class=""
        for="=lastName"
      >
        Last Name
      </label>
      <input
        class="form-control"
        id="lastName"
        name="lastName"
        placeholder="Last name"
        type="text"
        value=""
      />
    </div>
    <div
      class="form-group"
    >
      <label
        class=""
        for="=email"
      >
        Email
      </label>
      <input
        class="form-control"
        id="email"
        name="email"
        placeholder="Email"
        type="email"
        value=""
      />
    </div>
    <button
      class="btn btn-secondary"
    >
      Signup
    </button>
  </form>
</DocumentFragment>
`;
